// Jest Snapshot v1, https://goo.gl/fbAQLP

exports[`matches snapshot 1`] = `
<div>
  <nav
    className="navbar navbar-expand-sm navbar-dark bg-dark"
  >
    <a
      className="nav-bar-appName text-danger navbar-brand"
      href="/"
    >
      RSVP+
    </a>
    <button
      aria-controls="responsive-navbar-nav"
      aria-label="Toggle navigation"
      className="navbar-toggler collapsed"
      onClick={[Function]}
      type="button"
    >
      <span
        className="navbar-toggler-icon"
      />
    </button>
    <div
      aria-expanded={null}
      className="navbar-collapse collapse"
      id="responsive-navbar-nav"
    >
      <div
        className="mr-auto navbar-nav"
        onKeyDown={[Function]}
      >
        <a
          className="nav-bar-text px-3 nav-link"
          data-rb-event-key="/"
          href="/"
          onClick={[Function]}
          onKeyDown={[Function]}
        >
          Home
        </a>
        <a
          className="nav-bar-text px-3 nav-link"
          data-rb-event-key="/channels"
          href="/channels"
          onClick={[Function]}
          onKeyDown={[Function]}
        >
          Channels
        </a>
        <a
          className="nav-bar-text px-3 nav-link"
          data-rb-event-key="/calendar"
          href="/calendar"
          onClick={[Function]}
          onKeyDown={[Function]}
        >
          Calendar
        </a>
        <a
          className="nav-bar-text px-3 nav-link"
          data-rb-event-key="/faq"
          href="/faq"
          onClick={[Function]}
          onKeyDown={[Function]}
        >
          FAQ
        </a>
        <a
          className="nav-bar-text px-3 nav-link"
          data-rb-event-key="/contact-us"
          href="/contact-us"
          onClick={[Function]}
          onKeyDown={[Function]}
        >
          Contact Us
        </a>
      </div>
      <div
        className="navbar-nav"
        onKeyDown={[Function]}
      >
        <span
          className="nav-bar-name navbar-text"
        >
          Signed in as: 
          Bob
          <img
            className="photo ml-2 rounded-circle"
            src="thttp://email.com/image"
          />
        </span>
      </div>
    </div>
    <button
      className="ml-3 btn btn-outline-primary"
      data-testid="button"
      disabled={false}
      onClick={[Function]}
      type="button"
    >
      Log Out
    </button>
  </nav>
  <div>
    
  </div>
</div>
`;
