// Jest Snapshot v1, https://goo.gl/fbAQLP

exports[`matches snapshot 1`] = `
<div
  className="p-3 mb-2 bg-dark text-white"
>
  <div
    className="d-flex align-items-center justify-content-center container"
    style={
      Object {
        "minHeight": "100vh",
      }
    }
  >
    <div
      className="w-100"
      style={
        Object {
          "maxWidth": "460px",
        }
      }
    >
      <div
        className="row"
      >
         
        
      </div>
      <div
        className="row"
      >
        <div
          className="col"
        >
           
          <div>
            <h1
              className="welcome-text text-center"
            >
              Welcome to 
            </h1>
            <h1
              className="app-text text-danger"
            >
              RSVP+
            </h1>
            <h1
              className="welcome-text"
            >
              !
            </h1>
          </div>
        </div>
        <div
          className="col"
        >
          <div
            className="vl"
          >
            <div
              className="ml-4"
            >
              <button
                className="login-button mt-4 w-100 btn btn-danger"
                data-testid="button"
                disabled={false}
                onClick={[Function]}
                type="button"
              >
                Login with Google!
              </button>
            </div>
          </div>
        </div>
      </div>
    </div>
  </div>
</div>
`;
